Info: Start Nativelink Simulation process
Info: NativeLink has detected VHDL design -- VHDL simulation models will be used

========= EDA Simulation Settings =====================

Sim Mode              :  RTL
Family                :  cycloneii
Quartus root          :  d:/programas academicos/altera/quartus/bin/
Quartus sim root      :  d:/programas academicos/altera/quartus/eda/sim_lib
Simulation Tool       :  modelsim-altera
Simulation Language   :  vhdl
Version               :  93
Simulation Mode       :  GUI
Sim Output File       :  
Sim SDF file          :  
Sim dir               :  simulation\modelsim

=======================================================

Info: Starting NativeLink simulation with ModelSim-Altera software
Sourced NativeLink script d:/programas academicos/altera/quartus/common/tcl/internal/nativelink/modelsim.tcl
Warning: File Exp05_run_msim_rtl_vhdl.do already exists - backing up current file as Exp05_run_msim_rtl_vhdl.do.bak5
Info: Spawning ModelSim-Altera Simulation software 
